Copyright 1986-2022 Xilinx, Inc. All Rights Reserved. Copyright 2022-2023 Advanced Micro Devices, Inc. All Rights Reserved.
---------------------------------------------------------------------------------------------------------------------------------------------
| Tool Version : Vivado v.2023.1 (win64) Build 3865809 Sun May  7 15:05:29 MDT 2023
| Date         : Mon Nov 10 12:37:59 2025
| Host         : ECE221-CAD8 running 64-bit major release  (build 9200)
| Command      : report_control_sets -verbose -file aes_harness_top_control_sets_placed.rpt
| Design       : aes_harness_top
| Device       : xc7a100t
---------------------------------------------------------------------------------------------------------------------------------------------

Control Set Information

Table of Contents
-----------------
1. Summary
2. Histogram
3. Flip-Flop Distribution
4. Detailed Control Set Information

1. Summary
----------

+----------------------------------------------------------+-------+
|                          Status                          | Count |
+----------------------------------------------------------+-------+
| Total control sets                                       |    12 |
|    Minimum number of control sets                        |    12 |
|    Addition due to synthesis replication                 |     0 |
|    Addition due to physical synthesis replication        |     0 |
| Unused register locations in slices containing registers |    17 |
+----------------------------------------------------------+-------+
* Control sets can be merged at opt_design using control_set_merge or merge_equivalent_drivers
** Run report_qor_suggestions for automated merging and remapping suggestions


2. Histogram
------------

+--------------------+-------+
|       Fanout       | Count |
+--------------------+-------+
| Total control sets |    12 |
| >= 0 to < 4        |     0 |
| >= 4 to < 6        |     3 |
| >= 6 to < 8        |     0 |
| >= 8 to < 10       |     8 |
| >= 10 to < 12      |     0 |
| >= 12 to < 14      |     0 |
| >= 14 to < 16      |     0 |
| >= 16              |     1 |
+--------------------+-------+
* Control sets can be remapped at either synth_design or opt_design


3. Flip-Flop Distribution
-------------------------

+--------------+-----------------------+------------------------+-----------------+--------------+
| Clock Enable | Synchronous Set/Reset | Asynchronous Set/Reset | Total Registers | Total Slices |
+--------------+-----------------------+------------------------+-----------------+--------------+
| No           | No                    | No                     |            1817 |          357 |
| No           | No                    | Yes                    |               5 |            3 |
| No           | Yes                   | No                     |              56 |           14 |
| Yes          | No                    | No                     |               0 |            0 |
| Yes          | No                    | Yes                    |              17 |            7 |
| Yes          | Yes                   | No                     |               0 |            0 |
+--------------+-----------------------+------------------------+-----------------+--------------+


4. Detailed Control Set Information
-----------------------------------

+-------------------+--------------------+--------------------------+------------------+----------------+--------------+
|    Clock Signal   |    Enable Signal   |     Set/Reset Signal     | Slice Load Count | Bel Load Count | Bels / Slice |
+-------------------+--------------------+--------------------------+------------------+----------------+--------------+
|  sysclk_IBUF_BUFG | led[3]_i_1_n_0     | rst_IBUF                 |                2 |              4 |         2.00 |
|  sysclk_IBUF_BUFG |                    | rst_IBUF                 |                3 |              5 |         1.67 |
|  sysclk_IBUF_BUFG | counter[4]_i_1_n_0 | rst_IBUF                 |                2 |              5 |         2.50 |
|  sysclk_IBUF_BUFG |                    | uut/a3/out_2[127]        |                3 |              8 |         2.67 |
|  sysclk_IBUF_BUFG |                    | uut/a6/w4_reg[31]_0[99]  |                2 |              8 |         4.00 |
|  sysclk_IBUF_BUFG |                    | uut/a1/w4_reg[31]_0[103] |                2 |              8 |         4.00 |
|  sysclk_IBUF_BUFG |                    | uut/a2/k2[127]           |                2 |              8 |         4.00 |
|  sysclk_IBUF_BUFG |                    | uut/a7/out_2[67]         |                1 |              8 |         8.00 |
|  sysclk_IBUF_BUFG |                    | uut/a4/k4[127]           |                2 |              8 |         4.00 |
|  sysclk_IBUF_BUFG |                    | uut/a5/out_2[127]        |                2 |              8 |         4.00 |
|  sysclk_IBUF_BUFG | key_reg            | rst_IBUF                 |                3 |              8 |         2.67 |
|  sysclk_IBUF_BUFG |                    |                          |              357 |           1825 |         5.11 |
+-------------------+--------------------+--------------------------+------------------+----------------+--------------+


